I'm sorry, but errors were detected in your script. Please correct the
errors listed below, and try again.


File "game/script.rpy", line 109: expected statement.
    "그러나 " + 여주 + "의 몇번의 부름에도 완자는 문을 열어주지 않았다.."
           ^

Ren'Py Version: Ren'Py 8.2.1.24030407
Mon Jun 17 21:15:58 2024
